npm warn EBADENGINE Unsupported engine {
npm warn EBADENGINE   package: 'oidc-provider@7.14.3',
npm warn EBADENGINE   required: { node: '12 || 14 || 16 || 18' },
npm warn EBADENGINE   current: { node: 'v20.18.1', npm: '10.8.2' }
npm warn EBADENGINE }
npm warn deprecated stable@0.1.8: Modern JS already guarantees Array#sort() is a stable sort, so this library is deprecated. See the compatibility table on MDN: https://developer.mozilla.org/en-US/docs/Web/JavaScript/Reference/Global_Objects/Array/sort#browser_compatibility
npm warn deprecated source-map-resolve@0.6.0: See https://github.com/lydell/source-map-resolve#deprecated
npm warn deprecated rimraf@3.0.2: Rimraf versions prior to v4 are no longer supported
npm warn deprecated read-package-json@6.0.4: This package is no longer supported. Please use @npmcli/package-json instead.
npm warn deprecated lodash.get@4.4.2: This package is deprecated. Use the optional chaining (?.) operator instead.
npm warn deprecated sourcemap-codec@1.4.8: Please use @jridgewell/sourcemap-codec instead
npm warn deprecated inflight@1.0.6: This module is not supported, and leaks memory. Do not use it. Check out lru-cache if you want a good and tested way to coalesce async requests by a key value, which is much more comprehensive and powerful.
npm warn deprecated npmlog@5.0.1: This package is no longer supported.
npm warn deprecated are-we-there-yet@2.0.0: This package is no longer supported.
npm warn deprecated abab@2.0.6: Use your platform's native atob() and btoa() methods instead
npm warn deprecated @types/jwt-decode@3.1.0: This is a stub types definition. jwt-decode provides its own type definitions, so you do not need this installed.
npm warn deprecated csurf@1.11.0: This package is archived and no longer maintained. For support, visit https://github.com/expressjs/express/discussions
npm warn deprecated @npmcli/move-file@2.0.1: This functionality has been moved to @npmcli/fs
npm warn deprecated @humanwhocodes/config-array@0.9.5: Use @eslint/config-array instead
npm warn deprecated @babel/plugin-proposal-private-property-in-object@7.21.11: This proposal has been merged to the ECMAScript standard and thus this plugin is no longer maintained. Please use @babel/plugin-transform-private-property-in-object instead.
npm warn deprecated @babel/plugin-proposal-private-methods@7.18.6: This proposal has been merged to the ECMAScript standard and thus this plugin is no longer maintained. Please use @babel/plugin-transform-private-methods instead.
npm warn deprecated @babel/plugin-proposal-unicode-property-regex@7.18.6: This proposal has been merged to the ECMAScript standard and thus this plugin is no longer maintained. Please use @babel/plugin-transform-unicode-property-regex instead.
npm warn deprecated @babel/plugin-proposal-optional-chaining@7.21.0: This proposal has been merged to the ECMAScript standard and thus this plugin is no longer maintained. Please use @babel/plugin-transform-optional-chaining instead.
npm warn deprecated @babel/plugin-proposal-optional-catch-binding@7.18.6: This proposal has been merged to the ECMAScript standard and thus this plugin is no longer maintained. Please use @babel/plugin-transform-optional-catch-binding instead.
npm warn deprecated @babel/plugin-proposal-logical-assignment-operators@7.20.7: This proposal has been merged to the ECMAScript standard and thus this plugin is no longer maintained. Please use @babel/plugin-transform-logical-assignment-operators instead.
npm warn deprecated @babel/plugin-proposal-dynamic-import@7.18.6: This proposal has been merged to the ECMAScript standard and thus this plugin is no longer maintained. Please use @babel/plugin-transform-dynamic-import instead.
npm warn deprecated @babel/plugin-proposal-nullish-coalescing-operator@7.18.6: This proposal has been merged to the ECMAScript standard and thus this plugin is no longer maintained. Please use @babel/plugin-transform-nullish-coalescing-operator instead.
npm warn deprecated @babel/plugin-proposal-export-namespace-from@7.18.9: This proposal has been merged to the ECMAScript standard and thus this plugin is no longer maintained. Please use @babel/plugin-transform-export-namespace-from instead.
npm warn deprecated @babel/plugin-proposal-numeric-separator@7.18.6: This proposal has been merged to the ECMAScript standard and thus this plugin is no longer maintained. Please use @babel/plugin-transform-numeric-separator instead.
npm warn deprecated @babel/plugin-proposal-json-strings@7.18.6: This proposal has been merged to the ECMAScript standard and thus this plugin is no longer maintained. Please use @babel/plugin-transform-json-strings instead.
npm warn deprecated @babel/plugin-proposal-class-static-block@7.21.0: This proposal has been merged to the ECMAScript standard and thus this plugin is no longer maintained. Please use @babel/plugin-transform-class-static-block instead.
npm warn deprecated @babel/plugin-proposal-class-properties@7.18.6: This proposal has been merged to the ECMAScript standard and thus this plugin is no longer maintained. Please use @babel/plugin-transform-class-properties instead.
npm warn deprecated @babel/plugin-proposal-async-generator-functions@7.20.7: This proposal has been merged to the ECMAScript standard and thus this plugin is no longer maintained. Please use @babel/plugin-transform-async-generator-functions instead.
npm warn deprecated har-validator@5.1.5: this library is no longer supported
npm warn deprecated are-we-there-yet@3.0.1: This package is no longer supported.
npm warn deprecated glob@7.2.3: Glob versions prior to v9 are no longer supported
npm warn deprecated @babel/plugin-proposal-object-rest-spread@7.20.7: This proposal has been merged to the ECMAScript standard and thus this plugin is no longer maintained. Please use @babel/plugin-transform-object-rest-spread instead.
npm warn deprecated domexception@4.0.0: Use your platform's native DOMException instead
npm warn deprecated glob@8.1.0: Glob versions prior to v9 are no longer supported
npm warn deprecated npmlog@6.0.2: This package is no longer supported.
npm warn deprecated multer@1.4.4: Multer 1.x is affected by CVE-2022-24434. This is fixed in v1.4.4-lts.1 which drops support for versions of Node.js before 6. Please upgrade to at least Node.js 6 and version 1.4.4-lts.1 of Multer. If you need support for older versions of Node.js, we are open to accepting patches that would fix the CVE on the main 1.x release line, whilst maintaining compatibility with Node.js 0.10.
npm warn deprecated acorn-import-assertions@1.9.0: package has been renamed to acorn-import-attributes
npm warn deprecated glob@7.1.4: Glob versions prior to v9 are no longer supported
npm warn deprecated glob@7.2.3: Glob versions prior to v9 are no longer supported
npm warn deprecated glob@7.2.3: Glob versions prior to v9 are no longer supported
npm warn deprecated glob@7.2.3: Glob versions prior to v9 are no longer supported
npm warn deprecated glob@7.2.3: Glob versions prior to v9 are no longer supported
npm warn deprecated glob@7.2.3: Glob versions prior to v9 are no longer supported
npm warn deprecated glob@7.2.3: Glob versions prior to v9 are no longer supported
npm warn deprecated multer@1.4.4-lts.1: Multer 1.x is impacted by a number of vulnerabilities, which have been patched in 2.x. You should upgrade to the latest 2.x version.
npm warn deprecated gauge@3.0.2: This package is no longer supported.
npm warn deprecated @humanwhocodes/object-schema@1.2.1: Use @eslint/object-schema instead
npm warn deprecated gauge@4.0.4: This package is no longer supported.
npm warn deprecated uuid@3.4.0: Please upgrade  to version 7 or higher.  Older versions may use Math.random() in certain circumstances, which is known to be problematic.  See https://v8.dev/blog/math-random for details.
npm warn deprecated request@2.88.2: request has been deprecated, see https://github.com/request/request/issues/3142
npm warn deprecated document-register-element@1.13.1: V0 is gone and the best V1 polyfill is now @ungap/custom-elements
npm warn deprecated esri-loader@3.5.0: Use @arcgis/core instead.
npm warn deprecated superagent@7.1.6: Please upgrade to superagent v10.2.2+, see release notes at https://github.com/forwardemail/superagent/releases/tag/v10.2.2 - maintenance is supported by Forward Email @ https://forwardemail.net
npm warn deprecated jose@1.28.2: this version is no longer supported
npm warn deprecated oidc-provider@7.14.3: this version is no longer supported
npm warn deprecated eslint@8.15.0: This version is no longer supported. Please see https://eslint.org/version-support for other options.

> tamu-gisc@0.0.0 postinstall
> node ./scripts/check-no-view-engine.js && node ./decorate-angular-cli.js && node ./scripts/service-worker-workaround.js

No installed package needs ngcc.

 >  NX   Decoration of the Angular CLI did not complete successfully

RegExp '/await cache\.(match|put)\((.*)\)/gm' [
  'await cache.match(req, this.config.cacheQueryOptions)',
  'await cache.match(req, this.config.cacheQueryOptions)',
  'await cache.match(request, this.config.cacheQueryOptions)',
  'await cache.put(req, res.clone())',
  'await cache.put(req, res)',
  'await cache.match(req, this.config.cacheQueryOptions)',
  'await cache.match(req, this.config.cacheQueryOptions)',
  'await cache.put(req, res.response)',
  'await cache.match(req, this.config.cacheQueryOptions)',
  'await cache.match(req, this.config.cacheQueryOptions)'
]
RegExp '/this\.cache\.(delete|match|put)\((.*)\);/gm' [
  'this.cache.delete(this.request(key), this.cacheQueryOptions);',
  'this.cache.put(this.request(key), this.adapter.newResponse(JSON.stringify(value)));'
]
RegExp '/this\.cache\.(delete|match|put)\((.*)\)\.then/gm' [ 'this.cache.match(this.request(key), this.cacheQueryOptions).then' ]

added 2188 packages, and audited 2189 packages in 11m

295 packages are looking for funding
  run `npm fund` for details

162 vulnerabilities (10 low, 56 moderate, 88 high, 8 critical)

To address issues that do not require attention, run:
  npm audit fix

To address all issues possible (including breaking changes), run:
  npm audit fix --force

Some issues need review, and may require choosing
a different dependency.

Run `npm audit` for details.
npm notice
npm notice New major version of npm available! 10.8.2 -> 12.2.0
npm notice Changelog: https://github.com/npm/cli/releases/tag/v12.2.0
npm notice To update run: npm install -g npm@12.2.0
npm notice
EXIT=0
